// Jest Snapshot v1, https://goo.gl/fbAQLP

exports[`Header renders correctly 1`] = `
<h1
  className="sc-AxjAm fyAfhW"
>
  pntry.
</h1>
`;
